Archive member included because of file (symbol)

e:/imt_sdk_win_64/winavr/bin/../lib/gcc/avr/4.3.3/avr5\libgcc.a(_mulsi3.o)
                              ./HAL/LCD/Src/LCD.o (__mulsi3)
e:/imt_sdk_win_64/winavr/bin/../lib/gcc/avr/4.3.3/avr5\libgcc.a(_udivmodsi4.o)
                              ./HAL/LCD/Src/LCD.o (__udivmodsi4)
e:/imt_sdk_win_64/winavr/bin/../lib/gcc/avr/4.3.3/avr5\libgcc.a(_exit.o)
                              e:/imt_sdk_win_64/winavr/bin/../lib/gcc/avr/4.3.3/../../../../avr/lib/avr5/crtm32.o (exit)
e:/imt_sdk_win_64/winavr/bin/../lib/gcc/avr/4.3.3/avr5\libgcc.a(_copy_data.o)
                              ./main.o (__do_copy_data)

Memory Configuration

Name             Origin             Length             Attributes
text             0x00000000         0x00020000         xr
data             0x00800060         0x0000ffa0         rw !x
eeprom           0x00810000         0x00010000         rw !x
fuse             0x00820000         0x00000400         rw !x
lock             0x00830000         0x00000400         rw !x
signature        0x00840000         0x00000400         rw !x
*default*        0x00000000         0xffffffff

Linker script and memory map

LOAD e:/imt_sdk_win_64/winavr/bin/../lib/gcc/avr/4.3.3/../../../../avr/lib/avr5/crtm32.o
LOAD ./MCAL/I2c/src/I2C.o
LOAD ./MCAL/DIO/Src/Dio.o
LOAD ./MCAL/ADC/Src/ADC.o
LOAD ./HAL/LCD/Src/LCD.o
LOAD ./main.o
LOAD ./slave.o
LOAD e:/imt_sdk_win_64/winavr/bin/../lib/gcc/avr/4.3.3/avr5\libgcc.a
LOAD e:/imt_sdk_win_64/winavr/bin/../lib/gcc/avr/4.3.3/../../../../avr/lib/avr5\libc.a
LOAD e:/imt_sdk_win_64/winavr/bin/../lib/gcc/avr/4.3.3/avr5\libgcc.a

.hash
 *(.hash)

.dynsym
 *(.dynsym)

.dynstr
 *(.dynstr)

.gnu.version
 *(.gnu.version)

.gnu.version_d
 *(.gnu.version_d)

.gnu.version_r
 *(.gnu.version_r)

.rel.init
 *(.rel.init)

.rela.init
 *(.rela.init)

.rel.text
 *(.rel.text)
 *(.rel.text.*)
 *(.rel.gnu.linkonce.t*)

.rela.text
 *(.rela.text)
 *(.rela.text.*)
 *(.rela.gnu.linkonce.t*)

.rel.fini
 *(.rel.fini)

.rela.fini
 *(.rela.fini)

.rel.rodata
 *(.rel.rodata)
 *(.rel.rodata.*)
 *(.rel.gnu.linkonce.r*)

.rela.rodata
 *(.rela.rodata)
 *(.rela.rodata.*)
 *(.rela.gnu.linkonce.r*)

.rel.data
 *(.rel.data)
 *(.rel.data.*)
 *(.rel.gnu.linkonce.d*)

.rela.data
 *(.rela.data)
 *(.rela.data.*)
 *(.rela.gnu.linkonce.d*)

.rel.ctors
 *(.rel.ctors)

.rela.ctors
 *(.rela.ctors)

.rel.dtors
 *(.rel.dtors)

.rela.dtors
 *(.rela.dtors)

.rel.got
 *(.rel.got)

.rela.got
 *(.rela.got)

.rel.bss
 *(.rel.bss)

.rela.bss
 *(.rela.bss)

.rel.plt
 *(.rel.plt)

.rela.plt
 *(.rela.plt)

.text           0x00000000      0xa4a
 *(.vectors)
 .vectors       0x00000000       0x54 e:/imt_sdk_win_64/winavr/bin/../lib/gcc/avr/4.3.3/../../../../avr/lib/avr5/crtm32.o
                0x00000000                __vectors
                0x00000000                __vector_default
 *(.vectors)
 *(.progmem.gcc*)
 *(.progmem*)
                0x00000054                . = ALIGN (0x2)
                0x00000054                __trampolines_start = .
 *(.trampolines)
 .trampolines   0x00000054        0x0 linker stubs
 *(.trampolines*)
                0x00000054                __trampolines_end = .
 *(.jumptables)
 *(.jumptables*)
 *(.lowtext)
 *(.lowtext*)
                0x00000054                __ctors_start = .
 *(.ctors)
                0x00000054                __ctors_end = .
                0x00000054                __dtors_start = .
 *(.dtors)
                0x00000054                __dtors_end = .
 SORT(*)(.ctors)
 SORT(*)(.dtors)
 *(.init0)
 .init0         0x00000054        0x0 e:/imt_sdk_win_64/winavr/bin/../lib/gcc/avr/4.3.3/../../../../avr/lib/avr5/crtm32.o
                0x00000054                __init
 *(.init0)
 *(.init1)
 *(.init1)
 *(.init2)
 .init2         0x00000054        0xc e:/imt_sdk_win_64/winavr/bin/../lib/gcc/avr/4.3.3/../../../../avr/lib/avr5/crtm32.o
 *(.init2)
 *(.init3)
 *(.init3)
 *(.init4)
 .init4         0x00000060       0x16 e:/imt_sdk_win_64/winavr/bin/../lib/gcc/avr/4.3.3/avr5\libgcc.a(_copy_data.o)
                0x00000060                __do_copy_data
 *(.init4)
 *(.init5)
 *(.init5)
 *(.init6)
 *(.init6)
 *(.init7)
 *(.init7)
 *(.init8)
 *(.init8)
 *(.init9)
 .init9         0x00000076        0x8 e:/imt_sdk_win_64/winavr/bin/../lib/gcc/avr/4.3.3/../../../../avr/lib/avr5/crtm32.o
 *(.init9)
 *(.text)
 .text          0x0000007e        0x4 e:/imt_sdk_win_64/winavr/bin/../lib/gcc/avr/4.3.3/../../../../avr/lib/avr5/crtm32.o
                0x0000007e                __vector_1
                0x0000007e                __vector_12
                0x0000007e                __bad_interrupt
                0x0000007e                __vector_6
                0x0000007e                __vector_3
                0x0000007e                __vector_11
                0x0000007e                __vector_13
                0x0000007e                __vector_17
                0x0000007e                __vector_19
                0x0000007e                __vector_7
                0x0000007e                __vector_5
                0x0000007e                __vector_4
                0x0000007e                __vector_9
                0x0000007e                __vector_2
                0x0000007e                __vector_15
                0x0000007e                __vector_8
                0x0000007e                __vector_14
                0x0000007e                __vector_10
                0x0000007e                __vector_16
                0x0000007e                __vector_18
                0x0000007e                __vector_20
 .text          0x00000082        0x0 ./MCAL/I2c/src/I2C.o
 .text          0x00000082        0x0 ./MCAL/DIO/Src/Dio.o
 .text          0x00000082        0x0 ./MCAL/ADC/Src/ADC.o
 .text          0x00000082        0x0 ./HAL/LCD/Src/LCD.o
 .text          0x00000082        0x0 ./main.o
 .text          0x00000082        0x0 ./slave.o
 .text          0x00000082        0x0 e:/imt_sdk_win_64/winavr/bin/../lib/gcc/avr/4.3.3/avr5\libgcc.a(_mulsi3.o)
 .text          0x00000082        0x0 e:/imt_sdk_win_64/winavr/bin/../lib/gcc/avr/4.3.3/avr5\libgcc.a(_udivmodsi4.o)
 .text          0x00000082        0x0 e:/imt_sdk_win_64/winavr/bin/../lib/gcc/avr/4.3.3/avr5\libgcc.a(_exit.o)
 .text          0x00000082        0x0 e:/imt_sdk_win_64/winavr/bin/../lib/gcc/avr/4.3.3/avr5\libgcc.a(_copy_data.o)
                0x00000082                . = ALIGN (0x2)
 *(.text.*)
 .text.I2C_init
                0x00000082        0xa ./MCAL/I2c/src/I2C.o
                0x00000082                I2C_init
 .text.I2C_START
                0x0000008c       0x12 ./MCAL/I2c/src/I2C.o
                0x0000008c                I2C_START
 .text.I2C_WRITE_address
                0x0000009e       0x16 ./MCAL/I2c/src/I2C.o
                0x0000009e                I2C_WRITE_address
 .text.I2C_read_address
                0x000000b4       0x16 ./MCAL/I2c/src/I2C.o
                0x000000b4                I2C_read_address
 .text.I2C_MASTER_WRITE
                0x000000ca       0x1c ./MCAL/I2c/src/I2C.o
                0x000000ca                I2C_MASTER_WRITE
 .text.I2C_MASTER_Read_data
                0x000000e6       0x16 ./MCAL/I2c/src/I2C.o
                0x000000e6                I2C_MASTER_Read_data
 .text.I2C_SLAVE_Init
                0x000000fc       0x2a ./MCAL/I2c/src/I2C.o
                0x000000fc                I2C_SLAVE_Init
 .text.I2C_Slave_listen_READ
                0x00000126       0x12 ./MCAL/I2c/src/I2C.o
                0x00000126                I2C_Slave_listen_READ
 .text.I2C_SLAVE_READ
                0x00000138       0x16 ./MCAL/I2c/src/I2C.o
                0x00000138                I2C_SLAVE_READ
 .text.I2C_Slave_listen_WRITE
                0x0000014e        0x4 ./MCAL/I2c/src/I2C.o
                0x0000014e                I2C_Slave_listen_WRITE
 .text.I2C_SLAVE_WRITE
                0x00000152       0x10 ./MCAL/I2c/src/I2C.o
                0x00000152                I2C_SLAVE_WRITE
 .text.I2C_READ_ACK
                0x00000162        0xe ./MCAL/I2c/src/I2C.o
                0x00000162                I2C_READ_ACK
 .text.I2C_READ_NOT_ACK
                0x00000170        0xe ./MCAL/I2c/src/I2C.o
                0x00000170                I2C_READ_NOT_ACK
 .text.i2c_Recevie
                0x0000017e       0x52 ./MCAL/I2c/src/I2C.o
                0x0000017e                i2c_Recevie
 .text.I2C_STOP
                0x000001d0        0xc ./MCAL/I2c/src/I2C.o
                0x000001d0                I2C_STOP
 .text.I2C_TRANSMATE
                0x000001dc       0x48 ./MCAL/I2c/src/I2C.o
                0x000001dc                I2C_TRANSMATE
 .text.Dio_vidSetPinDirection
                0x00000224       0xf2 ./MCAL/DIO/Src/Dio.o
                0x00000224                Dio_vidSetPinDirection
 .text.Dio_vidSetPortDirection
                0x00000316       0x5a ./MCAL/DIO/Src/Dio.o
                0x00000316                Dio_vidSetPortDirection
 .text.Dio_vidWritePin
                0x00000370       0xf2 ./MCAL/DIO/Src/Dio.o
                0x00000370                Dio_vidWritePin
 .text.Dio_vidWritePort
                0x00000462       0x22 ./MCAL/DIO/Src/Dio.o
                0x00000462                Dio_vidWritePort
 .text.Dio_u8ReadPin
                0x00000484       0xe6 ./MCAL/DIO/Src/Dio.o
                0x00000484                Dio_u8ReadPin
 .text.Dio_u8ReadPort
                0x0000056a       0x56 ./MCAL/DIO/Src/Dio.o
                0x0000056a                Dio_u8ReadPort
 .text.Dio_vidTogglePin
                0x000005c0       0x92 ./MCAL/DIO/Src/Dio.o
                0x000005c0                Dio_vidTogglePin
 .text.ADC_vidInit
                0x00000652       0x18 ./MCAL/ADC/Src/ADC.o
                0x00000652                ADC_vidInit
 .text.ADC_u16ReadChannel
                0x0000066a       0x3e ./MCAL/ADC/Src/ADC.o
                0x0000066a                ADC_u16ReadChannel
 .text.LCD_vidWriteData
                0x000006a8       0x48 ./HAL/LCD/Src/LCD.o
                0x000006a8                LCD_vidWriteData
 .text.LCD_vidPrintNumber
                0x000006f0       0xee ./HAL/LCD/Src/LCD.o
                0x000006f0                LCD_vidPrintNumber
 .text.LCD_vidWriteString
                0x000007de       0x1a ./HAL/LCD/Src/LCD.o
                0x000007de                LCD_vidWriteString
 .text.LCD_vidWriteCommand
                0x000007f8       0x48 ./HAL/LCD/Src/LCD.o
                0x000007f8                LCD_vidWriteCommand
 .text.LCD_vidGoTo
                0x00000840       0x24 ./HAL/LCD/Src/LCD.o
                0x00000840                LCD_vidGoTo
 .text.LCD_vidInit
                0x00000864       0x4c ./HAL/LCD/Src/LCD.o
                0x00000864                LCD_vidInit
 .text.main     0x000008b0       0x8c ./main.o
                0x000008b0                main
 .text.main     0x0000093c       0x88 ./slave.o
 .text.libgcc   0x000009c4       0x3e e:/imt_sdk_win_64/winavr/bin/../lib/gcc/avr/4.3.3/avr5\libgcc.a(_mulsi3.o)
                0x000009c4                __mulsi3
 .text.libgcc   0x00000a02       0x44 e:/imt_sdk_win_64/winavr/bin/../lib/gcc/avr/4.3.3/avr5\libgcc.a(_udivmodsi4.o)
                0x00000a02                __udivmodsi4
 .text.libgcc   0x00000a46        0x0 e:/imt_sdk_win_64/winavr/bin/../lib/gcc/avr/4.3.3/avr5\libgcc.a(_exit.o)
 .text.libgcc   0x00000a46        0x0 e:/imt_sdk_win_64/winavr/bin/../lib/gcc/avr/4.3.3/avr5\libgcc.a(_copy_data.o)
                0x00000a46                . = ALIGN (0x2)
 *(.fini9)
 .fini9         0x00000a46        0x0 e:/imt_sdk_win_64/winavr/bin/../lib/gcc/avr/4.3.3/avr5\libgcc.a(_exit.o)
                0x00000a46                exit
                0x00000a46                _exit
 *(.fini9)
 *(.fini8)
 *(.fini8)
 *(.fini7)
 *(.fini7)
 *(.fini6)
 *(.fini6)
 *(.fini5)
 *(.fini5)
 *(.fini4)
 *(.fini4)
 *(.fini3)
 *(.fini3)
 *(.fini2)
 *(.fini2)
 *(.fini1)
 *(.fini1)
 *(.fini0)
 .fini0         0x00000a46        0x4 e:/imt_sdk_win_64/winavr/bin/../lib/gcc/avr/4.3.3/avr5\libgcc.a(_exit.o)
 *(.fini0)
                0x00000a4a                _etext = .

.data           0x00800060       0x14 load address 0x00000a4a
                0x00800060                PROVIDE (__data_start, .)
 *(.data)
 .data          0x00800060        0x0 e:/imt_sdk_win_64/winavr/bin/../lib/gcc/avr/4.3.3/../../../../avr/lib/avr5/crtm32.o
 .data          0x00800060        0x0 ./MCAL/I2c/src/I2C.o
 .data          0x00800060        0x0 ./MCAL/DIO/Src/Dio.o
 .data          0x00800060        0x0 ./MCAL/ADC/Src/ADC.o
 .data          0x00800060        0x0 ./HAL/LCD/Src/LCD.o
 .data          0x00800060        0x7 ./main.o
 .data          0x00800067        0xd ./slave.o
 .data          0x00800074        0x0 e:/imt_sdk_win_64/winavr/bin/../lib/gcc/avr/4.3.3/avr5\libgcc.a(_mulsi3.o)
 .data          0x00800074        0x0 e:/imt_sdk_win_64/winavr/bin/../lib/gcc/avr/4.3.3/avr5\libgcc.a(_udivmodsi4.o)
 .data          0x00800074        0x0 e:/imt_sdk_win_64/winavr/bin/../lib/gcc/avr/4.3.3/avr5\libgcc.a(_exit.o)
 .data          0x00800074        0x0 e:/imt_sdk_win_64/winavr/bin/../lib/gcc/avr/4.3.3/avr5\libgcc.a(_copy_data.o)
 *(.data*)
 *(.rodata)
 *(.rodata*)
 *(.gnu.linkonce.d*)
                0x00800074                . = ALIGN (0x2)
                0x00800074                _edata = .
                0x00800074                PROVIDE (__data_end, .)

.bss            0x00800074        0x0
                0x00800074                PROVIDE (__bss_start, .)
 *(.bss)
 .bss           0x00800074        0x0 e:/imt_sdk_win_64/winavr/bin/../lib/gcc/avr/4.3.3/../../../../avr/lib/avr5/crtm32.o
 .bss           0x00800074        0x0 ./MCAL/I2c/src/I2C.o
 .bss           0x00800074        0x0 ./MCAL/DIO/Src/Dio.o
 .bss           0x00800074        0x0 ./MCAL/ADC/Src/ADC.o
 .bss           0x00800074        0x0 ./HAL/LCD/Src/LCD.o
 .bss           0x00800074        0x0 ./main.o
 .bss           0x00800074        0x0 ./slave.o
 .bss           0x00800074        0x0 e:/imt_sdk_win_64/winavr/bin/../lib/gcc/avr/4.3.3/avr5\libgcc.a(_mulsi3.o)
 .bss           0x00800074        0x0 e:/imt_sdk_win_64/winavr/bin/../lib/gcc/avr/4.3.3/avr5\libgcc.a(_udivmodsi4.o)
 .bss           0x00800074        0x0 e:/imt_sdk_win_64/winavr/bin/../lib/gcc/avr/4.3.3/avr5\libgcc.a(_exit.o)
 .bss           0x00800074        0x0 e:/imt_sdk_win_64/winavr/bin/../lib/gcc/avr/4.3.3/avr5\libgcc.a(_copy_data.o)
 *(.bss*)
 *(COMMON)
                0x00800074                PROVIDE (__bss_end, .)
                0x00000a4a                __data_load_start = LOADADDR (.data)
                0x00000a5e                __data_load_end = (__data_load_start + SIZEOF (.data))

.noinit         0x00800074        0x0
                0x00800074                PROVIDE (__noinit_start, .)
 *(.noinit*)
                0x00800074                PROVIDE (__noinit_end, .)
                0x00800074                _end = .
                0x00800074                PROVIDE (__heap_start, .)

.eeprom         0x00810000        0x0
 *(.eeprom*)
                0x00810000                __eeprom_end = .

.fuse
 *(.fuse)
 *(.lfuse)
 *(.hfuse)
 *(.efuse)

.lock
 *(.lock*)

.signature
 *(.signature*)

.stab
 *(.stab)

.stabstr
 *(.stabstr)

.stab.excl
 *(.stab.excl)

.stab.exclstr
 *(.stab.exclstr)

.stab.index
 *(.stab.index)

.stab.indexstr
 *(.stab.indexstr)

.comment
 *(.comment)

.debug
 *(.debug)

.line
 *(.line)

.debug_srcinfo
 *(.debug_srcinfo)

.debug_sfnames
 *(.debug_sfnames)

.debug_aranges
 *(.debug_aranges)

.debug_pubnames
 *(.debug_pubnames)

.debug_info
 *(.debug_info)
 *(.gnu.linkonce.wi.*)

.debug_abbrev
 *(.debug_abbrev)

.debug_line
 *(.debug_line)

.debug_frame
 *(.debug_frame)

.debug_str
 *(.debug_str)

.debug_loc
 *(.debug_loc)

.debug_macinfo
 *(.debug_macinfo)
OUTPUT(I2C.elf elf32-avr)
LOAD linker stubs
